"","x"
"1","R"
"2","R"
"3","R"
"4","R"
"5","R"
"6","R"
"7","R"
"8","R"
"9","R"
"10","R"
"11","R"
"12","R"
"13","R"
"14","R"
"15","R"
"16","R"
"17","R"
"18","R"
"19","R"
"20","M"
"21","M"
"22","M"
"23","M"
"24","M"
"25","M"
"26","M"
"27","M"
"28","M"
"29","M"
"30","M"
"31","M"
"32","M"
"33","M"
"34","M"
"35","M"
"36","M"
"37","M"
"38","M"
"39","M"
"40","M"
"41","M"
